2025-08-16 00:05 - DEBUG - proactor_events.py:634 - Using proactor: IocpProactor
2025-08-16 00:05 - INFO - main.py:53 - Starting new processing cycle
2025-08-16 00:05 - DEBUG - login_page.py:16 - LoginPage initialized with ERP credentials and selectors.
2025-08-16 00:05 - INFO - login_page.py:21 - Navigating to ERP login page: https://staging-spc.ecustomerportal.com/web/site/login
2025-08-16 00:05 - DEBUG - login_page.py:25 - Entering credentials...
2025-08-16 00:05 - DEBUG - login_page.py:40 - Filling username field: //*[@id="loginform-email"]
2025-08-16 00:05 - DEBUG - login_page.py:43 - Filling password field: //*[@id="loginform-password"]
2025-08-16 00:05 - INFO - login_page.py:46 - Credentials entered into login form.
2025-08-16 00:05 - DEBUG - login_page.py:28 - Submitting login form...
2025-08-16 00:05 - DEBUG - login_page.py:51 - Clicking submit button: //*[@id="login-form"]/button
2025-08-16 00:05 - DEBUG - login_page.py:54 - Waiting for page to finish loading after login...
2025-08-16 00:05 - INFO - login_page.py:57 - Login form submitted and page loaded.
2025-08-16 00:05 - INFO - login_page.py:31 - Login sequence completed successfully.
2025-08-16 00:05 - INFO - main.py:23 - Refreshing page (1/3) after login...
2025-08-16 00:05 - INFO - main.py:23 - Refreshing page (2/3) after login...
2025-08-16 00:05 - INFO - main.py:23 - Refreshing page (3/3) after login...
2025-08-16 00:05 - DEBUG - process_page.py:16 - Attempting to load XPaths from C:\my works\ReassignmentBot\src\pages\xpath_ERP.yaml
2025-08-16 00:05 - INFO - process_page.py:21 - Successfully loaded 4 XPaths from C:\my works\ReassignmentBot\src\pages\xpath_ERP.yaml
2025-08-16 00:05 - DEBUG - process_page.py:11 - ProcessPage initialized successfully.
2025-08-16 00:05 - DEBUG - process_page.py:30 - Checking for ongoing tasks...
2025-08-16 00:05 - DEBUG - process_page.py:49 - Locating ongoing tasks using XPath: //*[@class="heading-divider"][contains(., "Ongoing Task")]
2025-08-16 00:05 - DEBUG - process_page.py:52 - Raw ongoing tasks text: 'Ongoing Task (0)'
2025-08-16 00:05 - INFO - process_page.py:57 - Ongoing tasks detected: 0
2025-08-16 00:05 - INFO - process_page.py:34 - No ongoing tasks available.
2025-08-16 00:05 - INFO - process_page.py:36 - Stopping full process and will retry after 2 minutes.
2025-08-16 00:05 - DEBUG - button_note.py:23 - ButtonNote initialized with selectors for queue management.
2025-08-16 00:05 - INFO - button_note.py:30 - Starting queue change: Category='VA BOT', SubCategory='Re-assignment'
2025-08-16 00:05 - DEBUG - button_note.py:47 - Opening AC VER queue dialog...
2025-08-16 00:06 - ERROR - base_page.py:29 - Failed to click //button[normalize-space()='AC VER']: Page.click: Timeout 30000ms exceeded.
Call log:
  - waiting for locator("//button[normalize-space()='AC VER']")

2025-08-16 00:06 - ERROR - button_note.py:42 - Failed to change queue: Page.click: Timeout 30000ms exceeded.
Call log:
  - waiting for locator("//button[normalize-space()='AC VER']")
Traceback (most recent call last):
  File "C:\my works\ReassignmentBot\src\pages\button_note.py", line 33, in change_queue
    await self._open_queue_dialog()
  File "C:\my works\ReassignmentBot\src\pages\button_note.py", line 48, in _open_queue_dialog
    await self.wait_and_click(self._selectors["ac_ver_button"])
  File "C:\my works\ReassignmentBot\src\core\base_page.py", line 26, in wait_and_click
    await self.page.click(selector)
  File "C:\my works\ReassignmentBot\venv\Lib\site-packages\playwright\async_api\_generated.py", line 9878, in click
    await self._impl_obj.click(
  File "C:\my works\ReassignmentBot\venv\Lib\site-packages\playwright\_impl\_page.py", line 856, in click
    return await self._main_frame.click(**locals_to_params(locals()))
           ^^^^^^^^^^^^^^^^^^^^^^^^^^^^^^^^^^^^^^^^^^^^^^^^^^^^^^^^^^
  File "C:\my works\ReassignmentBot\venv\Lib\site-packages\playwright\_impl\_frame.py", line 549, in click
    await self._channel.send("click", self._timeout, locals_to_params(locals()))
  File "C:\my works\ReassignmentBot\venv\Lib\site-packages\playwright\_impl\_connection.py", line 69, in send
    return await self._connection.wrap_api_call(
           ^^^^^^^^^^^^^^^^^^^^^^^^^^^^^^^^^^^^^
  File "C:\my works\ReassignmentBot\venv\Lib\site-packages\playwright\_impl\_connection.py", line 558, in wrap_api_call
    raise rewrite_error(error, f"{parsed_st['apiName']}: {error}") from None
playwright._impl._errors.TimeoutError: Page.click: Timeout 30000ms exceeded.
Call log:
  - waiting for locator("//button[normalize-space()='AC VER']")

2025-08-16 00:06 - ERROR - main.py:41 - Error during task processing: Page.click: Timeout 30000ms exceeded.
Call log:
  - waiting for locator("//button[normalize-space()='AC VER']")

2025-08-16 00:06 - ERROR - main.py:57 - Error during processing cycle: Page.click: Timeout 30000ms exceeded.
Call log:
  - waiting for locator("//button[normalize-space()='AC VER']")

2025-08-16 00:06 - INFO - main.py:53 - Starting new processing cycle
2025-08-16 00:06 - DEBUG - login_page.py:16 - LoginPage initialized with ERP credentials and selectors.
2025-08-16 00:06 - INFO - login_page.py:21 - Navigating to ERP login page: https://staging-spc.ecustomerportal.com/web/site/login
2025-08-16 00:06 - DEBUG - login_page.py:25 - Entering credentials...
2025-08-16 00:06 - DEBUG - login_page.py:40 - Filling username field: //*[@id="loginform-email"]
2025-08-16 00:06 - DEBUG - login_page.py:43 - Filling password field: //*[@id="loginform-password"]
2025-08-16 00:06 - INFO - login_page.py:46 - Credentials entered into login form.
2025-08-16 00:06 - DEBUG - login_page.py:28 - Submitting login form...
2025-08-16 00:06 - DEBUG - login_page.py:51 - Clicking submit button: //*[@id="login-form"]/button
2025-08-16 00:06 - DEBUG - login_page.py:54 - Waiting for page to finish loading after login...
2025-08-16 00:06 - ERROR - login_page.py:34 - Login failed: Target page, context or browser has been closed
Traceback (most recent call last):
  File "C:\my works\ReassignmentBot\src\pages\login_page.py", line 29, in login
    await self._submit_login()
  File "C:\my works\ReassignmentBot\src\pages\login_page.py", line 55, in _submit_login
    await self.page.wait_for_load_state('networkidle')
  File "C:\my works\ReassignmentBot\venv\Lib\site-packages\playwright\async_api\_generated.py", line 9088, in wait_for_load_state
    await self._impl_obj.wait_for_load_state(state=state, timeout=timeout)
  File "C:\my works\ReassignmentBot\venv\Lib\site-packages\playwright\_impl\_page.py", line 576, in wait_for_load_state
    return await self._main_frame.wait_for_load_state(**locals_to_params(locals()))
           ^^^^^^^^^^^^^^^^^^^^^^^^^^^^^^^^^^^^^^^^^^^^^^^^^^^^^^^^^^^^^^^^^^^^^^^^
  File "C:\my works\ReassignmentBot\venv\Lib\site-packages\playwright\_impl\_frame.py", line 273, in wait_for_load_state
    return await self._wait_for_load_state_impl(state, timeout)
           ^^^^^^^^^^^^^^^^^^^^^^^^^^^^^^^^^^^^^^^^^^^^^^^^^^^^
  File "C:\my works\ReassignmentBot\venv\Lib\site-packages\playwright\_impl\_frame.py", line 301, in _wait_for_load_state_impl
    await waiter.result()
playwright._impl._errors.Error: Target page, context or browser has been closed
2025-08-16 00:06 - ERROR - main.py:41 - Error during task processing: Target page, context or browser has been closed
2025-08-16 00:06 - ERROR - main.py:57 - Error during processing cycle: Target page, context or browser has been closed
2025-08-16 00:06 - INFO - main.py:53 - Starting new processing cycle
2025-08-16 00:06 - DEBUG - login_page.py:16 - LoginPage initialized with ERP credentials and selectors.
2025-08-16 00:06 - INFO - login_page.py:21 - Navigating to ERP login page: https://staging-spc.ecustomerportal.com/web/site/login
2025-08-16 00:06 - INFO - main.py:65 - Process stopped by user
2025-08-16 00:06 - ERROR - base_events.py:1833 - Task was destroyed but it is pending!
task: <Task cancelling name='Task-1' coro=<main() done, defined at C:\my works\ReassignmentBot\main.py:44> wait_for=<Future pending cb=[Task.task_wakeup()]> cb=[ProtocolCallback.__init__.<locals>.cb() at C:\my works\ReassignmentBot\venv\Lib\site-packages\playwright\_impl\_connection.py:228, <6 more>, gather.<locals>._done_callback() at C:\Users\HP.DESKTOP-0ALFLJU\AppData\Local\Programs\Python\Python312\Lib\asyncio\tasks.py:767]>
2025-08-16 00:07 - DEBUG - proactor_events.py:634 - Using proactor: IocpProactor
2025-08-16 00:07 - INFO - main.py:53 - Starting new processing cycle
2025-08-16 00:07 - DEBUG - login_page.py:16 - LoginPage initialized with ERP credentials and selectors.
2025-08-16 00:07 - INFO - login_page.py:21 - Navigating to ERP login page: https://staging-spc.ecustomerportal.com/web/site/login
2025-08-16 00:07 - DEBUG - login_page.py:25 - Entering credentials...
2025-08-16 00:07 - DEBUG - login_page.py:40 - Filling username field: //*[@id="loginform-email"]
2025-08-16 00:07 - DEBUG - login_page.py:43 - Filling password field: //*[@id="loginform-password"]
2025-08-16 00:07 - INFO - login_page.py:46 - Credentials entered into login form.
2025-08-16 00:07 - DEBUG - login_page.py:28 - Submitting login form...
2025-08-16 00:07 - DEBUG - login_page.py:51 - Clicking submit button: //*[@id="login-form"]/button
2025-08-16 00:07 - DEBUG - login_page.py:54 - Waiting for page to finish loading after login...
2025-08-16 00:07 - INFO - login_page.py:57 - Login form submitted and page loaded.
2025-08-16 00:07 - INFO - login_page.py:31 - Login sequence completed successfully.
2025-08-16 00:07 - INFO - main.py:23 - Refreshing page (1/3) after login...
2025-08-16 00:07 - INFO - main.py:23 - Refreshing page (2/3) after login...
2025-08-16 00:08 - INFO - main.py:23 - Refreshing page (3/3) after login...
2025-08-16 00:08 - DEBUG - process_page.py:16 - Attempting to load XPaths from C:\my works\ReassignmentBot\src\pages\xpath_ERP.yaml
2025-08-16 00:08 - INFO - process_page.py:21 - Successfully loaded 4 XPaths from C:\my works\ReassignmentBot\src\pages\xpath_ERP.yaml
2025-08-16 00:08 - DEBUG - process_page.py:11 - ProcessPage initialized successfully.
2025-08-16 00:08 - DEBUG - process_page.py:30 - Checking for ongoing tasks...
2025-08-16 00:08 - DEBUG - process_page.py:49 - Locating ongoing tasks using XPath: //*[@class="heading-divider"][contains(., "Ongoing Task")]
2025-08-16 00:08 - DEBUG - process_page.py:52 - Raw ongoing tasks text: 'Ongoing Task (0)'
2025-08-16 00:08 - INFO - process_page.py:57 - Ongoing tasks detected: 0
2025-08-16 00:08 - INFO - process_page.py:34 - No ongoing tasks available.
2025-08-16 00:08 - INFO - process_page.py:36 - Stopping full process and will retry after 2 minutes.
2025-08-16 00:08 - DEBUG - button_note.py:23 - ButtonNote initialized with selectors for queue management.
2025-08-16 00:08 - INFO - button_note.py:30 - Starting queue change: Category='VA BOT', SubCategory='Re-assignment'
2025-08-16 00:08 - DEBUG - button_note.py:47 - Opening AC VER queue dialog...
2025-08-16 00:08 - ERROR - base_page.py:29 - Failed to click //button[normalize-space()='AC VER']: Page.click: Target page, context or browser has been closed
Call log:
  - waiting for locator("//button[normalize-space()='AC VER']")

2025-08-16 00:08 - ERROR - button_note.py:42 - Failed to change queue: Page.click: Target page, context or browser has been closed
Call log:
  - waiting for locator("//button[normalize-space()='AC VER']")
Traceback (most recent call last):
  File "C:\my works\ReassignmentBot\src\pages\button_note.py", line 33, in change_queue
    await self._open_queue_dialog()
  File "C:\my works\ReassignmentBot\src\pages\button_note.py", line 48, in _open_queue_dialog
    await self.wait_and_click(self._selectors["ac_ver_button"])
  File "C:\my works\ReassignmentBot\src\core\base_page.py", line 26, in wait_and_click
    await self.page.click(selector)
  File "C:\my works\ReassignmentBot\venv\Lib\site-packages\playwright\async_api\_generated.py", line 9878, in click
    await self._impl_obj.click(
  File "C:\my works\ReassignmentBot\venv\Lib\site-packages\playwright\_impl\_page.py", line 856, in click
    return await self._main_frame.click(**locals_to_params(locals()))
           ^^^^^^^^^^^^^^^^^^^^^^^^^^^^^^^^^^^^^^^^^^^^^^^^^^^^^^^^^^
  File "C:\my works\ReassignmentBot\venv\Lib\site-packages\playwright\_impl\_frame.py", line 549, in click
    await self._channel.send("click", self._timeout, locals_to_params(locals()))
  File "C:\my works\ReassignmentBot\venv\Lib\site-packages\playwright\_impl\_connection.py", line 69, in send
    return await self._connection.wrap_api_call(
           ^^^^^^^^^^^^^^^^^^^^^^^^^^^^^^^^^^^^^
  File "C:\my works\ReassignmentBot\venv\Lib\site-packages\playwright\_impl\_connection.py", line 558, in wrap_api_call
    raise rewrite_error(error, f"{parsed_st['apiName']}: {error}") from None
playwright._impl._errors.TargetClosedError: Page.click: Target page, context or browser has been closed
Call log:
  - waiting for locator("//button[normalize-space()='AC VER']")

2025-08-16 00:08 - ERROR - main.py:41 - Error during task processing: Page.click: Target page, context or browser has been closed
Call log:
  - waiting for locator("//button[normalize-space()='AC VER']")

2025-08-16 00:08 - ERROR - main.py:57 - Error during processing cycle: Page.click: Target page, context or browser has been closed
Call log:
  - waiting for locator("//button[normalize-space()='AC VER']")

2025-08-16 00:08 - INFO - main.py:53 - Starting new processing cycle
2025-08-16 00:08 - DEBUG - login_page.py:16 - LoginPage initialized with ERP credentials and selectors.
2025-08-16 00:08 - INFO - login_page.py:21 - Navigating to ERP login page: https://staging-spc.ecustomerportal.com/web/site/login
2025-08-16 00:08 - INFO - main.py:65 - Process stopped by user
2025-08-16 00:08 - ERROR - base_events.py:1833 - Task was destroyed but it is pending!
task: <Task cancelling name='Task-1' coro=<main() done, defined at C:\my works\ReassignmentBot\main.py:44> wait_for=<Future pending cb=[Task.task_wakeup()]> cb=[ProtocolCallback.__init__.<locals>.cb() at C:\my works\ReassignmentBot\venv\Lib\site-packages\playwright\_impl\_connection.py:228, <5 more>, gather.<locals>._done_callback() at C:\Users\HP.DESKTOP-0ALFLJU\AppData\Local\Programs\Python\Python312\Lib\asyncio\tasks.py:767]>
2025-08-16 00:14 - DEBUG - proactor_events.py:634 - Using proactor: IocpProactor
2025-08-16 00:14 - INFO - main.py:53 - Starting new processing cycle
2025-08-16 00:14 - DEBUG - login_page.py:16 - LoginPage initialized with ERP credentials and selectors.
2025-08-16 00:14 - INFO - login_page.py:21 - Navigating to ERP login page: https://staging-spc.ecustomerportal.com/web/site/login
2025-08-16 00:14 - DEBUG - login_page.py:25 - Entering credentials...
2025-08-16 00:14 - DEBUG - login_page.py:40 - Filling username field: //*[@id="loginform-email"]
2025-08-16 00:14 - DEBUG - login_page.py:43 - Filling password field: //*[@id="loginform-password"]
2025-08-16 00:14 - INFO - login_page.py:46 - Credentials entered into login form.
2025-08-16 00:14 - DEBUG - login_page.py:28 - Submitting login form...
2025-08-16 00:14 - DEBUG - login_page.py:51 - Clicking submit button: //*[@id="login-form"]/button
2025-08-16 00:14 - DEBUG - login_page.py:54 - Waiting for page to finish loading after login...
2025-08-16 00:14 - INFO - login_page.py:57 - Login form submitted and page loaded.
2025-08-16 00:14 - INFO - login_page.py:31 - Login sequence completed successfully.
2025-08-16 00:14 - INFO - main.py:23 - Refreshing page (1/3) after login...
2025-08-16 00:14 - INFO - main.py:23 - Refreshing page (2/3) after login...
2025-08-16 00:15 - INFO - main.py:23 - Refreshing page (3/3) after login...
2025-08-16 00:15 - DEBUG - process_page.py:19 - Attempting to load XPaths from C:\my works\ReassignmentBot\src\pages\xpath_ERP.yaml
2025-08-16 00:15 - INFO - process_page.py:24 - Successfully loaded 4 XPaths from C:\my works\ReassignmentBot\src\pages\xpath_ERP.yaml
2025-08-16 00:15 - DEBUG - process_page.py:14 - ProcessPage initialized successfully.
2025-08-16 00:15 - DEBUG - process_page.py:33 - Checking for ongoing tasks...
2025-08-16 00:15 - DEBUG - process_page.py:52 - Locating ongoing tasks using XPath: //*[@class="heading-divider"][contains(., "Ongoing Task")]
2025-08-16 00:15 - DEBUG - process_page.py:55 - Raw ongoing tasks text: 'Ongoing Task (0)'
2025-08-16 00:15 - INFO - process_page.py:60 - Ongoing tasks detected: 0
2025-08-16 00:15 - INFO - process_page.py:37 - No ongoing tasks available. Waiting for 2 minutes before retry...
2025-08-16 00:17 - DEBUG - button_note.py:23 - ButtonNote initialized with selectors for queue management.
2025-08-16 00:17 - INFO - button_note.py:30 - Starting queue change: Category='VA BOT', SubCategory='Re-assignment'
2025-08-16 00:17 - DEBUG - button_note.py:47 - Opening AC VER queue dialog...
2025-08-16 00:17 - ERROR - base_page.py:29 - Failed to click //button[normalize-space()='AC VER']: Page.click: Timeout 30000ms exceeded.
Call log:
  - waiting for locator("//button[normalize-space()='AC VER']")

2025-08-16 00:17 - ERROR - button_note.py:42 - Failed to change queue: Page.click: Timeout 30000ms exceeded.
Call log:
  - waiting for locator("//button[normalize-space()='AC VER']")
Traceback (most recent call last):
  File "C:\my works\ReassignmentBot\src\pages\button_note.py", line 33, in change_queue
    await self._open_queue_dialog()
  File "C:\my works\ReassignmentBot\src\pages\button_note.py", line 48, in _open_queue_dialog
    await self.wait_and_click(self._selectors["ac_ver_button"])
  File "C:\my works\ReassignmentBot\src\core\base_page.py", line 26, in wait_and_click
    await self.page.click(selector)
  File "C:\my works\ReassignmentBot\venv\Lib\site-packages\playwright\async_api\_generated.py", line 9878, in click
    await self._impl_obj.click(
  File "C:\my works\ReassignmentBot\venv\Lib\site-packages\playwright\_impl\_page.py", line 856, in click
    return await self._main_frame.click(**locals_to_params(locals()))
           ^^^^^^^^^^^^^^^^^^^^^^^^^^^^^^^^^^^^^^^^^^^^^^^^^^^^^^^^^^
  File "C:\my works\ReassignmentBot\venv\Lib\site-packages\playwright\_impl\_frame.py", line 549, in click
    await self._channel.send("click", self._timeout, locals_to_params(locals()))
  File "C:\my works\ReassignmentBot\venv\Lib\site-packages\playwright\_impl\_connection.py", line 69, in send
    return await self._connection.wrap_api_call(
           ^^^^^^^^^^^^^^^^^^^^^^^^^^^^^^^^^^^^^
  File "C:\my works\ReassignmentBot\venv\Lib\site-packages\playwright\_impl\_connection.py", line 558, in wrap_api_call
    raise rewrite_error(error, f"{parsed_st['apiName']}: {error}") from None
playwright._impl._errors.TimeoutError: Page.click: Timeout 30000ms exceeded.
Call log:
  - waiting for locator("//button[normalize-space()='AC VER']")

2025-08-16 00:17 - ERROR - main.py:41 - Error during task processing: Page.click: Timeout 30000ms exceeded.
Call log:
  - waiting for locator("//button[normalize-space()='AC VER']")

2025-08-16 00:17 - ERROR - main.py:57 - Error during processing cycle: Page.click: Timeout 30000ms exceeded.
Call log:
  - waiting for locator("//button[normalize-space()='AC VER']")

2025-08-16 00:17 - INFO - main.py:53 - Starting new processing cycle
2025-08-16 00:17 - DEBUG - login_page.py:16 - LoginPage initialized with ERP credentials and selectors.
2025-08-16 00:17 - INFO - login_page.py:21 - Navigating to ERP login page: https://staging-spc.ecustomerportal.com/web/site/login
2025-08-16 00:17 - DEBUG - login_page.py:25 - Entering credentials...
2025-08-16 00:17 - DEBUG - login_page.py:40 - Filling username field: //*[@id="loginform-email"]
2025-08-16 00:17 - DEBUG - login_page.py:43 - Filling password field: //*[@id="loginform-password"]
2025-08-16 00:17 - INFO - login_page.py:46 - Credentials entered into login form.
2025-08-16 00:17 - DEBUG - login_page.py:28 - Submitting login form...
2025-08-16 00:17 - DEBUG - login_page.py:51 - Clicking submit button: //*[@id="login-form"]/button
2025-08-16 00:17 - DEBUG - login_page.py:54 - Waiting for page to finish loading after login...
2025-08-16 00:17 - INFO - login_page.py:57 - Login form submitted and page loaded.
2025-08-16 00:17 - INFO - login_page.py:31 - Login sequence completed successfully.
2025-08-16 00:17 - INFO - main.py:23 - Refreshing page (1/3) after login...
2025-08-16 00:17 - INFO - main.py:23 - Refreshing page (2/3) after login...
2025-08-16 00:17 - INFO - main.py:23 - Refreshing page (3/3) after login...
2025-08-16 00:18 - DEBUG - process_page.py:19 - Attempting to load XPaths from C:\my works\ReassignmentBot\src\pages\xpath_ERP.yaml
2025-08-16 00:18 - INFO - process_page.py:24 - Successfully loaded 4 XPaths from C:\my works\ReassignmentBot\src\pages\xpath_ERP.yaml
2025-08-16 00:18 - DEBUG - process_page.py:14 - ProcessPage initialized successfully.
2025-08-16 00:18 - DEBUG - process_page.py:33 - Checking for ongoing tasks...
2025-08-16 00:18 - DEBUG - process_page.py:52 - Locating ongoing tasks using XPath: //*[@class="heading-divider"][contains(., "Ongoing Task")]
2025-08-16 00:18 - DEBUG - process_page.py:55 - Raw ongoing tasks text: 'Ongoing Task (0)'
2025-08-16 00:18 - INFO - process_page.py:60 - Ongoing tasks detected: 0
2025-08-16 00:18 - INFO - process_page.py:37 - No ongoing tasks available. Waiting for 2 minutes before retry...
2025-08-16 00:18 - INFO - main.py:65 - Process stopped by user
2025-08-16 00:18 - ERROR - base_events.py:1833 - Task was destroyed but it is pending!
task: <Task cancelling name='Task-1' coro=<main() done, defined at C:\my works\ReassignmentBot\main.py:44> wait_for=<Future pending cb=[Task.task_wakeup()]> cb=[ProtocolCallback.__init__.<locals>.cb() at C:\my works\ReassignmentBot\venv\Lib\site-packages\playwright\_impl\_connection.py:228, <8 more>, gather.<locals>._done_callback() at C:\Users\HP.DESKTOP-0ALFLJU\AppData\Local\Programs\Python\Python312\Lib\asyncio\tasks.py:767]>
2025-08-16 00:23 - DEBUG - proactor_events.py:634 - Using proactor: IocpProactor
2025-08-16 00:23 - INFO - main.py:53 - Starting new processing cycle
2025-08-16 00:23 - DEBUG - login_page.py:16 - LoginPage initialized with ERP credentials and selectors.
2025-08-16 00:23 - INFO - login_page.py:21 - Navigating to ERP login page: https://staging-spc.ecustomerportal.com/web/site/login
2025-08-16 00:23 - DEBUG - login_page.py:25 - Entering credentials...
2025-08-16 00:23 - DEBUG - login_page.py:40 - Filling username field: //*[@id="loginform-email"]
2025-08-16 00:23 - DEBUG - login_page.py:43 - Filling password field: //*[@id="loginform-password"]
2025-08-16 00:23 - INFO - login_page.py:46 - Credentials entered into login form.
2025-08-16 00:23 - DEBUG - login_page.py:28 - Submitting login form...
2025-08-16 00:23 - DEBUG - login_page.py:51 - Clicking submit button: //*[@id="login-form"]/button
2025-08-16 00:23 - DEBUG - login_page.py:54 - Waiting for page to finish loading after login...
2025-08-16 00:23 - INFO - login_page.py:57 - Login form submitted and page loaded.
2025-08-16 00:23 - INFO - login_page.py:31 - Login sequence completed successfully.
2025-08-16 00:23 - INFO - main.py:23 - Refreshing page (1/3) after login...
2025-08-16 00:23 - INFO - main.py:23 - Refreshing page (2/3) after login...
2025-08-16 00:23 - INFO - main.py:23 - Refreshing page (3/3) after login...
2025-08-16 00:24 - DEBUG - process_page.py:19 - Attempting to load XPaths from C:\my works\ReassignmentBot\src\pages\xpath_ERP.yaml
2025-08-16 00:24 - INFO - process_page.py:24 - Successfully loaded 4 XPaths from C:\my works\ReassignmentBot\src\pages\xpath_ERP.yaml
2025-08-16 00:24 - DEBUG - process_page.py:14 - ProcessPage initialized successfully.
2025-08-16 00:24 - DEBUG - process_page.py:33 - Checking for ongoing tasks...
2025-08-16 00:24 - DEBUG - process_page.py:52 - Locating ongoing tasks using XPath: //*[@class="heading-divider"][contains(., "Ongoing Task")]
2025-08-16 00:24 - DEBUG - process_page.py:55 - Raw ongoing tasks text: 'Ongoing Task (0)'
2025-08-16 00:24 - INFO - process_page.py:60 - Ongoing tasks detected: 0
2025-08-16 00:24 - INFO - process_page.py:37 - No ongoing tasks available. Waiting for 2 minutes before retry...
2025-08-16 00:24 - INFO - main.py:65 - Process stopped by user
2025-08-16 00:24 - ERROR - base_events.py:1833 - Task was destroyed but it is pending!
task: <Task cancelling name='Task-1' coro=<main() done, defined at C:\my works\ReassignmentBot\main.py:44> wait_for=<Future pending cb=[Task.task_wakeup()]> cb=[ProtocolCallback.__init__.<locals>.cb() at C:\my works\ReassignmentBot\venv\Lib\site-packages\playwright\_impl\_connection.py:228, <4 more>, gather.<locals>._done_callback() at C:\Users\HP.DESKTOP-0ALFLJU\AppData\Local\Programs\Python\Python312\Lib\asyncio\tasks.py:767]>
2025-08-16 01:15 - DEBUG - proactor_events.py:634 - Using proactor: IocpProactor
2025-08-16 01:15 - INFO - main.py:53 - Starting new processing cycle
2025-08-16 01:15 - DEBUG - login_page.py:16 - LoginPage initialized with ERP credentials and selectors.
2025-08-16 01:15 - INFO - login_page.py:21 - Navigating to ERP login page: https://staging-spc.ecustomerportal.com/web/site/login
2025-08-16 01:15 - DEBUG - login_page.py:25 - Entering credentials...
2025-08-16 01:15 - DEBUG - login_page.py:40 - Filling username field: //*[@id="loginform-email"]
2025-08-16 01:15 - DEBUG - login_page.py:43 - Filling password field: //*[@id="loginform-password"]
2025-08-16 01:15 - INFO - login_page.py:46 - Credentials entered into login form.
2025-08-16 01:15 - DEBUG - login_page.py:28 - Submitting login form...
2025-08-16 01:15 - DEBUG - login_page.py:51 - Clicking submit button: //*[@id="login-form"]/button
2025-08-16 01:15 - DEBUG - login_page.py:54 - Waiting for page to finish loading after login...
2025-08-16 01:15 - INFO - login_page.py:57 - Login form submitted and page loaded.
2025-08-16 01:15 - INFO - login_page.py:31 - Login sequence completed successfully.
2025-08-16 01:15 - INFO - main.py:23 - Refreshing page (1/3) after login...
2025-08-16 01:16 - INFO - main.py:23 - Refreshing page (2/3) after login...
2025-08-16 01:16 - INFO - main.py:23 - Refreshing page (3/3) after login...
2025-08-16 01:16 - DEBUG - process_page.py:19 - Attempting to load XPaths from C:\my works\ReassignmentBot\src\pages\xpath_ERP.yaml
2025-08-16 01:16 - INFO - process_page.py:24 - Successfully loaded 4 XPaths from C:\my works\ReassignmentBot\src\pages\xpath_ERP.yaml
2025-08-16 01:16 - DEBUG - process_page.py:14 - ProcessPage initialized successfully.
2025-08-16 01:16 - DEBUG - process_page.py:33 - Checking for ongoing tasks...
2025-08-16 01:16 - DEBUG - process_page.py:52 - Locating ongoing tasks using XPath: //*[@class="heading-divider"][contains(., "Ongoing Task")]
2025-08-16 01:16 - DEBUG - process_page.py:55 - Raw ongoing tasks text: 'Ongoing Task (0)'
2025-08-16 01:16 - INFO - process_page.py:60 - Ongoing tasks detected: 0
2025-08-16 01:16 - INFO - process_page.py:37 - No ongoing tasks available. Waiting for 2 minutes before retry...
2025-08-16 01:17 - DEBUG - proactor_events.py:634 - Using proactor: IocpProactor
2025-08-16 01:17 - INFO - main.py:53 - Starting new processing cycle
2025-08-16 01:17 - DEBUG - login_page.py:16 - LoginPage initialized with ERP credentials and selectors.
2025-08-16 01:17 - INFO - login_page.py:21 - Navigating to ERP login page: https://staging-spc.ecustomerportal.com/web/site/login
2025-08-16 01:17 - DEBUG - login_page.py:25 - Entering credentials...
2025-08-16 01:17 - DEBUG - login_page.py:40 - Filling username field: //*[@id="loginform-email"]
2025-08-16 01:17 - DEBUG - login_page.py:43 - Filling password field: //*[@id="loginform-password"]
2025-08-16 01:17 - INFO - login_page.py:46 - Credentials entered into login form.
2025-08-16 01:17 - DEBUG - login_page.py:28 - Submitting login form...
2025-08-16 01:17 - DEBUG - login_page.py:51 - Clicking submit button: //*[@id="login-form"]/button
2025-08-16 01:17 - DEBUG - login_page.py:54 - Waiting for page to finish loading after login...
2025-08-16 01:17 - INFO - login_page.py:57 - Login form submitted and page loaded.
2025-08-16 01:17 - INFO - login_page.py:31 - Login sequence completed successfully.
2025-08-16 01:17 - INFO - main.py:23 - Refreshing page (1/3) after login...
2025-08-16 01:17 - INFO - main.py:23 - Refreshing page (2/3) after login...
2025-08-16 01:17 - INFO - main.py:23 - Refreshing page (3/3) after login...
2025-08-16 01:17 - DEBUG - process_page.py:19 - Attempting to load XPaths from C:\my works\ReassignmentBot\src\pages\xpath_ERP.yaml
2025-08-16 01:17 - INFO - process_page.py:24 - Successfully loaded 4 XPaths from C:\my works\ReassignmentBot\src\pages\xpath_ERP.yaml
2025-08-16 01:17 - DEBUG - process_page.py:14 - ProcessPage initialized successfully.
2025-08-16 01:17 - DEBUG - process_page.py:33 - Checking for ongoing tasks...
2025-08-16 01:17 - DEBUG - process_page.py:52 - Locating ongoing tasks using XPath: //*[@class="heading-divider"][contains(., "Ongoing Task")]
2025-08-16 01:17 - DEBUG - process_page.py:55 - Raw ongoing tasks text: 'Ongoing Task (0)'
2025-08-16 01:17 - INFO - process_page.py:60 - Ongoing tasks detected: 0
2025-08-16 01:17 - INFO - process_page.py:37 - No ongoing tasks available. Waiting for 2 minutes before retry...
2025-08-17 21:38 - DEBUG - proactor_events.py:634 - Using proactor: IocpProactor
2025-08-17 21:38 - INFO - main.py:53 - Starting new processing cycle
2025-08-17 21:38 - DEBUG - login_page.py:16 - LoginPage initialized with ERP credentials and selectors.
2025-08-17 21:38 - INFO - login_page.py:21 - Navigating to ERP login page: https://staging-spc.ecustomerportal.com/web/site/login
2025-08-17 21:39 - DEBUG - login_page.py:25 - Entering credentials...
2025-08-17 21:39 - DEBUG - login_page.py:40 - Filling username field: //*[@id="loginform-email"]
2025-08-17 21:39 - DEBUG - login_page.py:43 - Filling password field: //*[@id="loginform-password"]
2025-08-17 21:39 - INFO - login_page.py:46 - Credentials entered into login form.
2025-08-17 21:39 - DEBUG - login_page.py:28 - Submitting login form...
2025-08-17 21:39 - DEBUG - login_page.py:51 - Clicking submit button: //*[@id="login-form"]/button
2025-08-17 21:39 - DEBUG - login_page.py:54 - Waiting for page to finish loading after login...
2025-08-17 21:39 - INFO - login_page.py:57 - Login form submitted and page loaded.
2025-08-17 21:39 - INFO - login_page.py:31 - Login sequence completed successfully.
2025-08-17 21:39 - INFO - main.py:23 - Refreshing page (1/3) after login...
2025-08-17 21:39 - INFO - main.py:23 - Refreshing page (2/3) after login...
2025-08-17 21:39 - INFO - main.py:23 - Refreshing page (3/3) after login...
2025-08-17 21:39 - DEBUG - process_page.py:19 - Attempting to load XPaths from C:\my works\ReassignmentBot\src\pages\xpath_ERP.yaml
2025-08-17 21:39 - INFO - process_page.py:24 - Successfully loaded 4 XPaths from C:\my works\ReassignmentBot\src\pages\xpath_ERP.yaml
2025-08-17 21:39 - DEBUG - process_page.py:14 - ProcessPage initialized successfully.
2025-08-17 21:39 - DEBUG - process_page.py:33 - Checking for ongoing tasks...
2025-08-17 21:39 - DEBUG - process_page.py:52 - Locating ongoing tasks using XPath: //*[@class="heading-divider"][contains(., "Ongoing Task")]
2025-08-17 21:39 - DEBUG - process_page.py:55 - Raw ongoing tasks text: 'Ongoing Task (0)'
2025-08-17 21:39 - INFO - process_page.py:60 - Ongoing tasks detected: 0
2025-08-17 21:39 - INFO - process_page.py:37 - No ongoing tasks available. Waiting for 2 minutes before retry...
2025-08-17 22:10 - DEBUG - proactor_events.py:634 - Using proactor: IocpProactor
2025-08-17 22:10 - ERROR - main.py:67 - Fatal error: Connection closed while reading from the driver
2025-08-17 23:55 - DEBUG - proactor_events.py:634 - Using proactor: IocpProactor
2025-08-17 23:55 - INFO - main.py:53 - Starting new processing cycle
2025-08-17 23:55 - DEBUG - login_page.py:16 - LoginPage initialized with ERP credentials and selectors.
2025-08-17 23:55 - INFO - login_page.py:21 - Navigating to ERP login page: https://staging-spc.ecustomerportal.com/web/site/login
2025-08-17 23:55 - DEBUG - login_page.py:25 - Entering credentials...
2025-08-17 23:55 - DEBUG - login_page.py:40 - Filling username field: //*[@id="loginform-email"]
2025-08-17 23:55 - DEBUG - login_page.py:43 - Filling password field: //*[@id="loginform-password"]
2025-08-17 23:55 - INFO - login_page.py:46 - Credentials entered into login form.
2025-08-17 23:55 - DEBUG - login_page.py:28 - Submitting login form...
2025-08-17 23:55 - DEBUG - login_page.py:51 - Clicking submit button: //*[@id="login-form"]/button
2025-08-17 23:55 - DEBUG - login_page.py:54 - Waiting for page to finish loading after login...
2025-08-17 23:55 - INFO - login_page.py:57 - Login form submitted and page loaded.
2025-08-17 23:55 - INFO - login_page.py:31 - Login sequence completed successfully.
2025-08-17 23:55 - INFO - main.py:23 - Refreshing page (1/3) after login...
2025-08-17 23:55 - INFO - main.py:23 - Refreshing page (2/3) after login...
2025-08-17 23:55 - INFO - main.py:23 - Refreshing page (3/3) after login...
2025-08-17 23:55 - DEBUG - process_page.py:19 - Attempting to load XPaths from C:\my works\ReassignmentBot\src\pages\xpath_ERP.yaml
2025-08-17 23:55 - INFO - process_page.py:24 - Successfully loaded 4 XPaths from C:\my works\ReassignmentBot\src\pages\xpath_ERP.yaml
2025-08-17 23:55 - DEBUG - process_page.py:14 - ProcessPage initialized successfully.
2025-08-17 23:55 - DEBUG - process_page.py:33 - Checking for ongoing tasks...
2025-08-17 23:55 - DEBUG - process_page.py:52 - Locating ongoing tasks using XPath: //*[@class="heading-divider"][contains(., "Ongoing Task")]
2025-08-17 23:55 - DEBUG - process_page.py:55 - Raw ongoing tasks text: 'Ongoing Task (0)'
2025-08-17 23:55 - INFO - process_page.py:60 - Ongoing tasks detected: 0
2025-08-17 23:55 - INFO - process_page.py:37 - No ongoing tasks available. Waiting for 2 minutes before retry...
